// Jest Snapshot v1, https://goo.gl/fbAQLP

exports[`HomePage Component should render without crash 1`] = `
<div>
  <ListComponent />
</div>
`;
