// Jest Snapshot v1, https://goo.gl/fbAQLP

exports[`App Component should render without crash 1`] = `
<div
  className="app"
>
  <header
    className="app-header"
  >
    <h1
      className="app-title"
    >
      CIGNA Challenge
    </h1>
  </header>
  <HomePage />
</div>
`;
